bb1 [shape=record, label="<b>BB1"];
bb2 [shape=record, label="<b>BB2"];
bb3 [shape=record, label="<b>BB3"];
bb4 [shape=record, label="<b>BB4"];

bb1:s -> bb2:n [label="fallthroughTo"];
bb2:s -> bb3:n [label="fallthroughTo"];
bb2:s -> bb4:n [label="branchTo"];
bb3:s -> bb2:n [label="branchTo"];
