bb1 [shape=record, label="<b>BB1"];
bb2 [shape=record, label="<b>BB2"];
bb3 [shape=record, label="<b>BB3"];
bb4 [shape=record, label="<b>BB4"];
bb5 [shape=record, label="<b>BB5"];
bb6 [shape=record, label="<b>BB6"];
bb7 [shape=record, label="<b>BB7"];
bb8 [shape=record, label="<b>BB8"];
bb9 [shape=record, label="<b>BB9"];

bb1:s -> bb2:n [label="fallthroughTo"];
bb2:s -> bb3:n [label="fallthroughTo"];
bb2:s -> bb4:n [label="branchTo"];
bb3:s -> bb6:n [label="fallthroughTo"];
bb3:s -> bb9:n [label="branchTo"];
bb5:s -> bb2:n [label="branchTo"];
bb6:s -> bb8:n [label="fallthroughTo"];
bb6:s -> bb7:n [label="branchTo"];
bb7:s -> bb5:n [label="branchTo"];
bb8:s -> bb7:n [label="fallthroughTo"];
bb9:s -> bb5:n [label="fallthroughTo"];
